found packages pdfparser (batch.go) and main (main.go) in /app
